196.42.36.56 - Решение №1
54.133.59.123 - Решение №1, Решение №2
8.8.8.8 - 
1.1.1.1 - 
196.42.36.65 - 
196.3.5.44 - 
44.11.23.9 - Решение №2
